<area shape="rect" href="$group__vslcl__func.html#g4ab469fdc3dda06498853dcb6b7e008d" title="Execute function on remote node." alt="" coords="151,132,284,159">
<area shape="rect" href="$group__packetlib.html#g4aa0ca91a3cc7b285f1158b791d46f44" title="Create a request packet." alt="" coords="333,5,469,32">
<area shape="rect" href="$group__packetlib.html#gc55b0d7b8c0370bb153cae4e1826954a" title="Unserialize a packet structure." alt="" coords="344,56,459,83">
<area shape="rect" href="$group__packetlib.html#g742e41a791e4577be7d56824c695392b" title="Serialize a packet structure." alt="" coords="339,107,464,133">
<area shape="rect" href="$group__timeoutlib.html#gf01562285bc232db369d3ec2880656b2" title="Check if timeout occurred." alt="" coords="339,157,464,184">
<area shape="rect" href="$group__timeoutlib.html#g0074d648ca1a4dc1145b378623d47530" title="Start timer." alt="" coords="336,208,467,235">
<area shape="rect" href="$group__timeoutlib.html#ga0168fcdf7dcdecc04464202bcf6731d" title="Stop timer." alt="" coords="337,259,465,285">
<area shape="rect" href="$group__timeoutlib.html#g55b738f0cbb33694ab70e5010b30f9c6" title="Timeout handler." alt="" coords="517,208,661,235">
